------------------------------------------------------------
Timing Analyzer Summary
------------------------------------------------------------

Type  : Slow 1200mV 85C Model Setup 'processorCLOCK'
Slack : -10.915
TNS   : -9980.577

Type  : Slow 1200mV 85C Model Setup 'FSM:FiniteStateMachine|currState[0]'
Slack : -4.751
TNS   : -33.306

Type  : Slow 1200mV 85C Model Setup 'CLOCK_50'
Slack : -4.513
TNS   : -102.561

Type  : Slow 1200mV 85C Model Hold 'processorCLOCK'
Slack : 0.378
TNS   : 0.000

Type  : Slow 1200mV 85C Model Hold 'FSM:FiniteStateMachine|currState[0]'
Slack : 0.525
TNS   : 0.000

Type  : Slow 1200mV 85C Model Hold 'CLOCK_50'
Slack : 0.638
TNS   : 0.000

Type  : Slow 1200mV 85C Model Minimum Pulse Width 'CLOCK_50'
Slack : -3.000
TNS   : -49.299

Type  : Slow 1200mV 85C Model Minimum Pulse Width 'processorCLOCK'
Slack : -1.403
TNS   : -2199.904

Type  : Slow 1200mV 85C Model Minimum Pulse Width 'FSM:FiniteStateMachine|currState[0]'
Slack : 0.293
TNS   : 0.000

Type  : Slow 1200mV 0C Model Setup 'processorCLOCK'
Slack : -10.028
TNS   : -9180.633

Type  : Slow 1200mV 0C Model Setup 'FSM:FiniteStateMachine|currState[0]'
Slack : -4.507
TNS   : -31.845

Type  : Slow 1200mV 0C Model Setup 'CLOCK_50'
Slack : -4.114
TNS   : -93.138

Type  : Slow 1200mV 0C Model Hold 'processorCLOCK'
Slack : 0.339
TNS   : 0.000

Type  : Slow 1200mV 0C Model Hold 'FSM:FiniteStateMachine|currState[0]'
Slack : 0.564
TNS   : 0.000

Type  : Slow 1200mV 0C Model Hold 'CLOCK_50'
Slack : 0.591
TNS   : 0.000

Type  : Slow 1200mV 0C Model Minimum Pulse Width 'CLOCK_50'
Slack : -3.000
TNS   : -49.299

Type  : Slow 1200mV 0C Model Minimum Pulse Width 'processorCLOCK'
Slack : -1.403
TNS   : -2199.904

Type  : Slow 1200mV 0C Model Minimum Pulse Width 'FSM:FiniteStateMachine|currState[0]'
Slack : 0.424
TNS   : 0.000

Type  : Fast 1200mV 0C Model Setup 'processorCLOCK'
Slack : -4.177
TNS   : -3331.022

Type  : Fast 1200mV 0C Model Setup 'FSM:FiniteStateMachine|currState[0]'
Slack : -1.515
TNS   : -10.329

Type  : Fast 1200mV 0C Model Setup 'CLOCK_50'
Slack : -1.479
TNS   : -25.703

Type  : Fast 1200mV 0C Model Hold 'processorCLOCK'
Slack : 0.089
TNS   : 0.000

Type  : Fast 1200mV 0C Model Hold 'CLOCK_50'
Slack : 0.246
TNS   : 0.000

Type  : Fast 1200mV 0C Model Hold 'FSM:FiniteStateMachine|currState[0]'
Slack : 0.251
TNS   : 0.000

Type  : Fast 1200mV 0C Model Minimum Pulse Width 'CLOCK_50'
Slack : -3.000
TNS   : -37.253

Type  : Fast 1200mV 0C Model Minimum Pulse Width 'processorCLOCK'
Slack : -1.000
TNS   : -1568.000

Type  : Fast 1200mV 0C Model Minimum Pulse Width 'FSM:FiniteStateMachine|currState[0]'
Slack : 0.189
TNS   : 0.000

------------------------------------------------------------
